../Core/Src/main.c:63:13:lcd_send_cmd	32	static
../Core/Src/main.c:77:13:lcd_send_data	32	static
../Core/Src/main.c:91:6:lcd_init	8	static
../Core/Src/main.c:103:6:lcd_send_string	16	static
../Core/Src/main.c:119:6:lcd_create_char	24	static
../Core/Src/main.c:126:13:lcd_set_cursor	24	static
../Core/Src/main.c:140:5:main	8	static
../Core/Src/main.c:196:6:SystemClock_Config	72	static
../Core/Src/main.c:236:13:MX_I2C1_Init	8	static
../Core/Src/main.c:270:13:MX_GPIO_Init	24	static
../Core/Src/main.c:294:6:Error_Handler	4	static,ignoring_inline_asm
